C:\Users\57324\OneDrive\Documents\NetBeansProjects\horizonteslejanos\src\main\java\juegoarcade\core\Horizonteslejanos.java
C:\Users\57324\OneDrive\Documents\NetBeansProjects\horizonteslejanos\src\main\java\juegoarcade\core\JuegoPanel.java
C:\Users\57324\OneDrive\Documents\NetBeansProjects\horizonteslejanos\src\main\java\juegoarcade\entidades\Jugador.java
C:\Users\57324\OneDrive\Documents\NetBeansProjects\horizonteslejanos\src\main\java\juegoarcade\objetos\AstronautaFalling.java
C:\Users\57324\OneDrive\Documents\NetBeansProjects\horizonteslejanos\src\main\java\juegoarcade\objetos\BolaFuego.java
C:\Users\57324\OneDrive\Documents\NetBeansProjects\horizonteslejanos\src\main\java\juegoarcade\objetos\Jeringa.java
C:\Users\57324\OneDrive\Documents\NetBeansProjects\horizonteslejanos\src\main\java\juegoarcade\objetos\Meteorito.java
C:\Users\57324\OneDrive\Documents\NetBeansProjects\horizonteslejanos\src\main\java\juegoarcade\objetos\ObjetoEspacial.java
C:\Users\57324\OneDrive\Documents\NetBeansProjects\horizonteslejanos\src\main\java\juegoarcade\objetos\Oxigeno.java
C:\Users\57324\OneDrive\Documents\NetBeansProjects\horizonteslejanos\src\main\java\juegoarcade\objetos\RestosEspaciales.java
C:\Users\57324\OneDrive\Documents\NetBeansProjects\horizonteslejanos\src\main\java\Menu\Ventana.java
